Criar vÃ¡rias pastas powershell

'cmd/web', 'pkg', 'ui/html', 'ui/static' | % {mkdir "$_"}
ou 
mkdir cmd/web, pkg, ui/html, ui/static

https://www.alexedwards.net/blog/disable-http-fileserver-directory-listings

$ go run github.com/italocomini/snippetbox/cmd/web -addr=":4000"

$ go run ./cmd/web -help

$ export SNIPPETBOX_ADDR=":9999"
$ go run ./cmd/web -addr=$SNIPPETBOX_ADDR


Using the double arrow >> will append to an existing file, instead of truncating it when starting the application
$ go run ./cmd/web >>/tmp/info.log 2>>/tmp/error.log


Installing a database driver
$ go get github.com/go-sql-driver/mysql@v1


Upgrade to a specific version
$ go get -u github.com/foo/bar@v2.0.0

Removing unused packages
$ go mod tidy -v

go test -v ./cmd/web
go test -failfast -v ./cmd/web
go test ./...
