Chapter 2.9. Serving Static Files

Criar vÃ¡rias pastas powershell

'cmd/web', 'pkg', 'ui/html', 'ui/static' | % {mkdir "$_"}
ou 
mkdir cmd/web, pkg, ui/html, ui/static

https://www.alexedwards.net/blog/disable-http-fileserver-directory-listings

$ go run github.com/italocomini/snippetbox/cmd/web -addr=":4000"

$ go run ./cmd/web -help

$ export SNIPPETBOX_ADDR=":9999"
$ go run ./cmd/web -addr=$SNIPPETBOX_ADDR


Using the double arrow >> will append to an existing file, instead of truncating it when starting the application
$ go run ./cmd/web >>/tmp/info.log 2>>/tmp/error.log
